
> gta6-hub@0.1.0 start
> next start

  ▲ Next.js 14.2.16
  - Local:        http://localhost:3000

 ✓ Starting...
 ✓ Ready in 443ms
Failed to fetch characters from Supabase, or table is empty: {
  message: 'TypeError: fetch failed',
  details: 'TypeError: fetch failed\n' +
    '\n' +
    'Caused by: Error: getaddrinfo ENOTFOUND dummy-supabase-url.supabase.co (ENOTFOUND)\n' +
    'Error: getaddrinfo ENOTFOUND dummy-supabase-url.supabase.co\n' +
    '    at GetAddrInfoReqWrap.onlookupall [as oncomplete] (node:dns:122:26)\n' +
    '    at GetAddrInfoReqWrap.callbackTrampoline (node:internal/async_hooks:130:17)',
  hint: '',
  code: ''
}
Failed to fetch cheat codes from Supabase, or table is empty: {
  message: 'TypeError: fetch failed',
  details: 'TypeError: fetch failed\n' +
    '\n' +
    'Caused by: Error: getaddrinfo ENOTFOUND dummy-supabase-url.supabase.co (ENOTFOUND)\n' +
    'Error: getaddrinfo ENOTFOUND dummy-supabase-url.supabase.co\n' +
    '    at GetAddrInfoReqWrap.onlookupall [as oncomplete] (node:dns:122:26)\n' +
    '    at GetAddrInfoReqWrap.callbackTrampoline (node:internal/async_hooks:130:17)',
  hint: '',
  code: ''
}
Failed to fetch characters from Supabase, or table is empty: {
  message: 'TypeError: fetch failed',
  details: 'TypeError: fetch failed\n' +
    '\n' +
    'Caused by: Error: getaddrinfo ENOTFOUND dummy-supabase-url.supabase.co (ENOTFOUND)\n' +
    'Error: getaddrinfo ENOTFOUND dummy-supabase-url.supabase.co\n' +
    '    at GetAddrInfoReqWrap.onlookupall [as oncomplete] (node:dns:122:26)\n' +
    '    at GetAddrInfoReqWrap.callbackTrampoline (node:internal/async_hooks:130:17)',
  hint: '',
  code: ''
}
Failed to fetch characters from Supabase, or table is empty: {
  message: 'TypeError: fetch failed',
  details: 'TypeError: fetch failed\n' +
    '\n' +
    'Caused by: Error: getaddrinfo ENOTFOUND dummy-supabase-url.supabase.co (ENOTFOUND)\n' +
    'Error: getaddrinfo ENOTFOUND dummy-supabase-url.supabase.co\n' +
    '    at GetAddrInfoReqWrap.onlookupall [as oncomplete] (node:dns:122:26)\n' +
    '    at GetAddrInfoReqWrap.callbackTrampoline (node:internal/async_hooks:130:17)',
  hint: '',
  code: ''
}
